// Jest Snapshot v1, https://goo.gl/fbAQLP

exports[`Login Page should render login page 1`] = `
<div>
  <div
    class="sc-dkzDqf iGZwPq"
  >
    <form
      autocomplete="off"
      class="form"
    >
      <div
        class="sc-gsnTZi eyomTB card"
        style="width: 400px;"
      >
        <div
          class="card-title text-center"
        >
          Log in to Job Portal
        </div>
        <div
          class="card-content"
        >
          <div>
            <div
              class="form-group"
            >
              <label
                for="email"
              >
                Email
              </label>
              <input
                aria-label="Email"
                aria-required="true"
                class="form-input"
                id="email"
                name="email"
                placeholder="Enter Email"
                required=""
                type="email"
                value=""
              />
            </div>
          </div>
          <div>
            <div
              class="form-group"
            >
              <label
                for="password"
              >
                Password
              </label>
              <input
                aria-label="Password"
                aria-required="true"
                class="form-input"
                id="password"
                name="password"
                placeholder="Enter Password"
                required=""
                type="password"
                value=""
              />
            </div>
          </div>
          <div>
            <div
              style="display: flex; justify-content: center;"
            >
              <button
                class="sc-bczRLJ cVLaUc form-button"
                disabled=""
                id="loginBtn"
                name="loginBtn"
                type="submit"
              >
                Log in
              </button>
            </div>
          </div>
          <div>
            <hr />
            <p
              class="text-center"
            >
              Don't have an account?
            </p>
            <div
              style="display: flex; justify-content: center;"
            >
              <button
                class="sc-bczRLJ cBkcFt form-button"
                id="signUpBtn"
                name="signUpBtn"
                type="button"
              >
                Sign Up
              </button>
            </div>
          </div>
        </div>
      </div>
    </form>
  </div>
</div>
`;
